2026-09-12T13:19:33.919487+0000
Whoopsies! An unhandled exception has occurred.

== Geode Information ==
Loader Version: v5.10.1
Platform: Android 12 arm64-v8a (SDK 31)
Loader Commit: 7e41336
Bindings Commit: 7f6c2a75
Installed mods: 37
Failed to load: 0

== Exception Information ==
Faulty Lib: <Unknown>
Faulty Mod: <Unknown>
Instruction Address: 0x41c8000000000001
Signal: 7, code 1 (SIGBUS: Bus error (bad memory access))
Signal Detail: Bus error when trying to access memory at 0x41c8000000000001 (invalid address alignment)

== Stack Trace (the most important part) ==
- 0x41c8000000000001
- clamscs.integratedpointercrate.android64.so + 0x31ad8 (PCPLeaderboards::buildRankingList() + 0x179c)
- clamscs.integratedpointercrate.android64.so + 0x25224 (_ZN5std2315_callable_traitILb0EvJEE15callable_targetIZZN5geode5async5spawnIZNS4_5spawnINS3_5utils3web9WebFutureEZNS4_10TaskHolderINS8_11WebResponseEE10spawnInnerIS9_ZN22IntegratedPointercrate11loadPlayersERSC_NS_18move_only_functionIFvvESH_EENS_8functionIFviESK_EEE3$_0EEvNSt6__ndk112basic_stringIcNSN_11char_traitsIcEENSN_9allocatorIcEEEEOT_OT0_EUlSB_E_Qsr3arcE10IsPollableIu7__decayISU_EEEEN3arc10TaskHandleIvEESV_SX_EUlvE_S13_SY_Qsr3arcE15ReturnsPollableISW_EEES12_SV_OT1_EN13SpawnPollable4pollERNS10_7ContextEEUlvE_NSI_11inv_quals_fEEMUlNS_18_move_only_pointer10value_typeEE_8__invokeES1D_ + 0x6cc)
- Geode.android64.so + 0x7ce3d0 (geode::Loader::Impl::executeMainThreadQueue() + 0xc8)
- Geode.android64.so + 0x781250 (geode::modifier::AsStaticFunction_update<FunctionQueue, void (FunctionQueue::*)(float)>::Impl<void (FunctionQueue::*)(float)>::function(FunctionQueue*, float) + 0x20)
- 0x7ce1762e38 (hook handler)
- libcocos2dcpp.so + 0xad7688 (cocos2d::CCDirector::drawScene() + 0xf8)
- 0x7ce1602bec (hook handler)
- thesillydoggo.qolmod.android64.so + 0x2c3298 (geode::modifier::AsStaticFunction_drawScene<QOLModRenderingHook, void (QOLModRenderingHook::*)()>::Impl<void (QOLModRenderingHook::*)()>::function(QOLModRenderingHook*) + 0x14)
- 0x7ce1602bec (hook handler)
- libcocos2dcpp.so + 0xad76b0 (cocos2d::CCDisplayLinkDirector::mainLoop() + 0x20)
- libcocos2dcpp.so + 0xb0f644 (Java_org_cocos2dx_lib_Cocos2dxRenderer_nativeRender + 0x14)
- base.odex + 0x7f790c (art_jni_trampoline + 0x6c)
- base.odex + 0x4b8058 (org.cocos2dx.lib.Cocos2dxRenderer.onDrawFrame + 0x88)
- libart.so + 0x72b910 (nterp_helper + 0x880)
- framework.jar + 0x14c9718 (android.opengl.GLSurfaceView$GLThread.guardedRun + 0x49c)
- libart.so + 0x72b884 (nterp_helper + 0x7f4)
- framework.jar + 0x14c9d90 (android.opengl.GLSurfaceView$GLThread.run + 0x30)
- libart.so + 0x2aaf94 (art_quick_invoke_stub + 0x264)
- libart.so + 0x2a9268 (art::ArtMethod::Invoke(art::Thread*, unsigned int*, unsigned int, art::JValue*, char const*) + 0x94)
- libart.so + 0x4e1a68 (art::Thread::CreateCallback(void*) + 0x568)
- libc.so + 0xdeb44 (__pthread_start(void*) + 0x108)
- libc.so + 0x7b2fc (__start_thread + 0x44)

== Register States ==
x0: 0xb400007b86499e00
x1: 0x7bb5483f21
x2: 0x6
x3: 0x0
x4: 0x7bb5483f86
x5: 0x7bb5483f27
x6: 0x202f2031
x7: 0x3031202f
x8: 0x7bb5483f20
x9: 0x41c8000000000001
x10: 0x0
x11: 0x79
x12: 0x7b9106c010
x13: 0x6532326264613963
x14: 0xaaaaaaaaaaaaaaab
x15: 0x0
x16: 0x7b910ae488
x17: 0x7cd9f1b590
x18: 0x260
x19: 0xa
x20: 0xb400007b86499e00
x21: 0x6
x22: 0x7bb5483f80
x23: 0x7bb5483f21
x24: 0xb400007b8629ebc0
x25: 0xa
x26: 0x7bb5483f80
x27: 0xb400007c40a26000
x28: 0xa5a9
fp: 0x7bb54841d0
lr: 0x7b9108cadc
sp: 0x7bb5483de0
pc: 0x41c8000000000001
cpsr: 0x40000000

== Installed Mods ==
x | [v1.3.4] alphalaneous.alphas-ui-pack
x | [v1.2.5] alphalaneous.alphas_geode_utils
x | [v2.1.13] alphalaneous.editortab_api
x | [v1.0.17] arcticwoof.rated_layouts
x | [v1.3.3] capeling.garage-stats-menu
x | [v2.6.0] cdc.level_thumbnails
x | [v1.0.0] clamscs.integratedpointercrate
x | [v4.4.9] cvolton.betterinfo
x | [v2.0.0] cvolton.level-id-api
x | [v1.11.0] cvolton.misc_bugfixes
x | [v2.0.0] eclipse.ffmpeg-api
x | [v1.1.3] firee.goldenbest
x | [v1.2.5] firee.overchargedlevels
x | [v3.7.1] fleym.nongd
x | [v1.8.2] gdsrwave.jfp
x | [v1.6.1] gdutilsdevs.gdutils
x | [v5.10.1] geode.loader
x | [v1.23.3] geode.node-ids
x | [v1.10.2] geode.texture-loader
x | [v1.3.1] hiimjustin000.level_size
x | [v2.1.3] hiimjustin000.more_icons
x | [v6.10.0-beta.6] hjfod.betteredit
x | [v1.6.0] hjfod.gdshare
x | [v1.5.0] hjfod.gmd-api
x | [v1.5.0] jouca.badgesapi
x | [v2.1.2] mat.run-info
x | [v4.1.1] nwo5.better_editor_trail
x | [v2.0.0] nwo5.silly-api
x | [v1.1.1] prevter.imageplus
x | [v1.5.0] syzzi.click_between_frames
x | [v2.8.6] thesillydoggo.qolmod
x | [v1.0.4] toastexgd.its-all-frame-perfects
x | [v1.0.4] toastexgd.texturerework
x | [v1.2.1] uproxide.animated_fire
x | [v2.1.14] uproxide.happy_textures
x | [v2.1.4] uproxide.textures
x | [v2.7.7] zilko.xdbot
